// Vitest Snapshot v1, https://vitest.dev/guide/snapshot.html

exports[`InputError > should render input label component > expected html 1`] = `
<div>
  <span
    class="inline-block max-w-prose border-l-2 border-red-600 bg-red-50 px-3 py-1"
    data-testid="input-error-test-id"
    id="id"
    role="alert"
  >
    input test
  </span>
</div>
`;
