// Vitest Snapshot v1, https://vitest.dev/guide/snapshot.html

exports[`PageDetails > should render the pageid, app version, and date modified > expected html 1`] = `
<div>
  <section
    class="mt-16 mb-8 print:hidden"
  >
    <h2
      class="sr-only"
    >
      gcweb:page-details.page-details
    </h2>
    <dl
      class="space-y-1"
      id="wb-dtmd"
    >
      <div
        class="flex gap-2"
      >
        <dt>
          gcweb:page-details.screen-id
        </dt>
        <dd>
          PUBL-0001
        </dd>
      </div>
      <div
        class="flex gap-2"
      >
        <dt>
          gcweb:page-details.date-modfied
        </dt>
        <dd>
          <time>
            2000-01-01
          </time>
        </dd>
      </div>
      <div
        class="flex gap-2"
      >
        <dt>
          gcweb:page-details.version
        </dt>
        <dd>
          0.0.0
        </dd>
      </div>
    </dl>
  </section>
</div>
`;
