// Vitest Snapshot v1, https://vitest.dev/guide/snapshot.html

exports[`SkipNavigationLinks > renders skip links > expected html 1`] = `
<div>
  <div
    id="skip-to-content"
  >
    <a
      class="font-lato absolute z-10 mx-2 inline-flex -translate-y-full items-center justify-center rounded-sm border border-slate-700 bg-slate-700 px-5 py-2.5 align-middle text-sm text-white outline-offset-4 transition-all hover:bg-sky-800 focus:mt-2 focus:translate-y-0 focus:bg-sky-800"
      data-testid="anchor-link"
      href="#wb-cont"
    >
      gcweb:nav.skip-to-content
    </a>
    <a
      class="font-lato absolute z-10 mx-2 inline-flex -translate-y-full items-center justify-center rounded-sm border border-slate-700 bg-slate-700 px-5 py-2.5 align-middle text-sm text-white outline-offset-4 transition-all hover:bg-sky-800 focus:mt-2 focus:translate-y-0 focus:bg-sky-800"
      data-testid="anchor-link"
      href="#wb-info"
    >
      gcweb:nav.skip-to-about
    </a>
  </div>
</div>
`;
